---
source: src/main.rs
expression: output_content
---
# Changed: TARGET VARIABLE
Text einfügen [ Select ; Target: $Code ; “A
				B
				C” ]
Berechneten Wert einfügen [ Select ; Target: $UseSetVariable ; "Value" ]
Systemdatum einfügen [ Select ; Target: $UseSetVariable ]
Systemuhrzeit einfügen [ Select ; Target: $UseSetVariable ]
Benutzernamen einfügen [ Select ; Target: $UseSetVariable ]
Datei einfügen ⚠️⚠️⚠️ FM-XML-EXPORT-EXPLODER: UNKNOWN SCRIPT-STEP [ ID: "131" ] ⚠️⚠️⚠️
Aus URL einfügen ⚠️⚠️⚠️ FM-XML-EXPORT-EXPLODER: UNKNOWN SCRIPT-STEP [ ID: "160" ] ⚠️⚠️⚠️

# FYI: *NOT* Changed: 
Audio/Video einfügen ⚠️⚠️⚠️ FM-XML-EXPORT-EXPLODER: UNKNOWN SCRIPT-STEP [ ID: "159" ] ⚠️⚠️⚠️
Von Gerät einfügen ⚠️⚠️⚠️ FM-XML-EXPORT-EXPLODER: UNKNOWN SCRIPT-STEP [ ID: "161" ] ⚠️⚠️⚠️
Aus Index einfügen ⚠️⚠️⚠️ FM-XML-EXPORT-EXPLODER: UNKNOWN SCRIPT-STEP [ ID: "11" ] ⚠️⚠️⚠️
Aus zuletzt geöffnetem Satz einfügen ⚠️⚠️⚠️ FM-XML-EXPORT-EXPLODER: UNKNOWN SCRIPT-STEP [ ID: "12" ] ⚠️⚠️⚠️
PDF einfügen ⚠️⚠️⚠️ FM-XML-EXPORT-EXPLODER: UNKNOWN SCRIPT-STEP [ ID: "158" ] ⚠️⚠️⚠️
Bild einfügen ⚠️⚠️⚠️ FM-XML-EXPORT-EXPLODER: UNKNOWN SCRIPT-STEP [ ID: "56" ] ⚠️⚠️⚠️
Ausschneiden ⚠️⚠️⚠️ FM-XML-EXPORT-EXPLODER: UNKNOWN SCRIPT-STEP [ ID: "46" ] ⚠️⚠️⚠️
Kopieren ⚠️⚠️⚠️ FM-XML-EXPORT-EXPLODER: UNKNOWN SCRIPT-STEP [ ID: "47" ] ⚠️⚠️⚠️
Einfügen ⚠️⚠️⚠️ FM-XML-EXPORT-EXPLODER: UNKNOWN SCRIPT-STEP [ ID: "48" ] ⚠️⚠️⚠️
Löschen ⚠️⚠️⚠️ FM-XML-EXPORT-EXPLODER: UNKNOWN SCRIPT-STEP [ ID: "49" ] ⚠️⚠️⚠️

# Changed: cURL Options
Aus URL einfügen ⚠️⚠️⚠️ FM-XML-EXPORT-EXPLODER: UNKNOWN SCRIPT-STEP [ ID: "160" ] ⚠️⚠️⚠️

# New Script step:
Regionsmonitor-Script konfigurieren ⚠️⚠️⚠️ FM-XML-EXPORT-EXPLODER: UNKNOWN SCRIPT-STEP [ ID: "185" ] ⚠️⚠️⚠️
Regionsmonitor-Script konfigurieren ⚠️⚠️⚠️ FM-XML-EXPORT-EXPLODER: UNKNOWN SCRIPT-STEP [ ID: "185" ] ⚠️⚠️⚠️

# Changed: Layout animations
Gehe zu Layout [ Layout: <Originallayout> ; Animation: Ohne ]
Gehe zu Bezugsdatensatz ⚠️⚠️⚠️ FM-XML-EXPORT-EXPLODER: UNKNOWN SCRIPT-STEP [ ID: "74" ] ⚠️⚠️⚠️
Neues Fenster [ Style: Dokument ; Layout: <Originallayout> ]


# Changed: New Option: Card Window
Neues Fenster [ Style: Dokument ; Name: "Simplest" ; Layout: <Originallayout> ; Close: OFF ; Minimize: OFF ; Maximize: OFF ; Resize: OFF ; Menu: OFF ; Toolbar: OFF ]
Neues Fenster [ Style: Karte ; Name: "Simplest" ; Layout: <Originallayout> ; Close: OFF ; Minimize: OFF ; Maximize: OFF ; Resize: OFF ; Menu: OFF ; Toolbar: OFF ]
Neues Fenster [ Style: Karte ; Name: "Dimmed" ; Layout: <Originallayout> ; Minimize: OFF ; Maximize: OFF ; Resize: OFF ; Menu: OFF ; Toolbar: OFF ]
Neues Fenster [ Style: Karte ; Name: "Undiimmed" ; Layout: <Originallayout> ; Minimize: OFF ; Maximize: OFF ; Resize: OFF ; Menu: OFF ; Toolbar: OFF ]

# New functions:
Variable setzen [ $r ;  ]
