---
source: src/main.rs
expression: output_content
---
# Control
AnwenderAbbruchZulassen setzen [ OFF ]
Lokale Benachrichtigung konfigurieren ‚ö†Ô∏è‚ö†Ô∏è‚ö†Ô∏è FM-XML-EXPORT-EXPLODER: UNKNOWN SCRIPT-STEP [ ID: "187" ] ‚ö†Ô∏è‚ö†Ô∏è‚ö†Ô∏è
Regionsmonitor-Script konfigurieren ‚ö†Ô∏è‚ö†Ô∏è‚ö†Ô∏è FM-XML-EXPORT-EXPLODER: UNKNOWN SCRIPT-STEP [ ID: "185" ] ‚ö†Ô∏è‚ö†Ô∏è‚ö†Ô∏è
# Else
# Else If
# End If
# End Loop
# Exit Loop If
Aktuelles Script verlassen []
Alle Scripts abbrechen
Wenn [ 1=0 ]
Sonst, wenn [ 1=1 ]
Sonst
Ende (wenn)
BeiTimer-Script installieren ‚ö†Ô∏è‚ö†Ô∏è‚ö†Ô∏è FM-XML-EXPORT-EXPLODER: UNKNOWN SCRIPT-STEP [ ID: "148" ] ‚ö†Ô∏è‚ö†Ô∏è‚ö†Ô∏è
Schleife (Anfang)
	Verlasse Schleife wenn [ 1=1 ]
Schleife (Ende)
Scriptpause setzen ‚ö†Ô∏è‚ö†Ô∏è‚ö†Ô∏è FM-XML-EXPORT-EXPLODER: UNKNOWN SCRIPT-STEP [ ID: "62" ] ‚ö†Ô∏è‚ö†Ô∏è‚ö†Ô∏è
Script ausf√ºhren [ Aus Liste ; "All script steps" ]
Script auf Server ausf√ºhren ‚ö†Ô∏è‚ö†Ô∏è‚ö†Ô∏è FM-XML-EXPORT-EXPLODER: UNKNOWN SCRIPT-STEP [ ID: "164" ] ‚ö†Ô∏è‚ö†Ô∏è‚ö†Ô∏è
Fehleraufzeichnung setzen [ ON ]
Layoutobjekt-Animation festlegen ‚ö†Ô∏è‚ö†Ô∏è‚ö†Ô∏è FM-XML-EXPORT-EXPLODER: UNKNOWN SCRIPT-STEP [ ID: "168" ] ‚ö†Ô∏è‚ö†Ô∏è‚ö†Ô∏è
Variable setzen [ $Var ; 1+2 ]

# Navigation
Popover schlie√üen
Bl√§tternmodus aktivieren
Suchenmodus aktivieren [ Pause: ON ]
Seitenansichtsmodus aktivieren ‚ö†Ô∏è‚ö†Ô∏è‚ö†Ô∏è FM-XML-EXPORT-EXPLODER: UNKNOWN SCRIPT-STEP [ ID: "41" ] ‚ö†Ô∏è‚ö†Ô∏è‚ö†Ô∏è
Gehe zu Feld []
Gehe zu Layout [ Layout: <Originallayout> ; Animation: Ohne ]
Gehe zu n√§chstem Feld
Gehe zu Objekt []
Gehe zu Ausschnittreihe [ Auswahl: ON ; Erste(r) ]
Gehe zu Ausschnittreihe [ Auswahl: ON ; Erste(r) ]
Gehe zu vorherigem Feld
Gehe zu Datens./Abfrage/Seite [ Erste(r) ]
Gehe zu Bezugsdatensatz ‚ö†Ô∏è‚ö†Ô∏è‚ö†Ô∏è FM-XML-EXPORT-EXPLODER: UNKNOWN SCRIPT-STEP [ ID: "74" ] ‚ö†Ô∏è‚ö†Ô∏è‚ö†Ô∏è

# Editing
L√∂schen ‚ö†Ô∏è‚ö†Ô∏è‚ö†Ô∏è FM-XML-EXPORT-EXPLODER: UNKNOWN SCRIPT-STEP [ ID: "49" ] ‚ö†Ô∏è‚ö†Ô∏è‚ö†Ô∏è
Kopieren ‚ö†Ô∏è‚ö†Ô∏è‚ö†Ô∏è FM-XML-EXPORT-EXPLODER: UNKNOWN SCRIPT-STEP [ ID: "47" ] ‚ö†Ô∏è‚ö†Ô∏è‚ö†Ô∏è
Ausschneiden ‚ö†Ô∏è‚ö†Ô∏è‚ö†Ô∏è FM-XML-EXPORT-EXPLODER: UNKNOWN SCRIPT-STEP [ ID: "46" ] ‚ö†Ô∏è‚ö†Ô∏è‚ö†Ô∏è
Einf√ºgen ‚ö†Ô∏è‚ö†Ô∏è‚ö†Ô∏è FM-XML-EXPORT-EXPLODER: UNKNOWN SCRIPT-STEP [ ID: "48" ] ‚ö†Ô∏è‚ö†Ô∏è‚ö†Ô∏è
Suchen/Ersetzen ausf√ºhren ‚ö†Ô∏è‚ö†Ô∏è‚ö†Ô∏è FM-XML-EXPORT-EXPLODER: UNKNOWN SCRIPT-STEP [ ID: "128" ] ‚ö†Ô∏è‚ö†Ô∏è‚ö†Ô∏è
Alles ausw√§hlen
Auswahl festlegen ‚ö†Ô∏è‚ö†Ô∏è‚ö†Ô∏è FM-XML-EXPORT-EXPLODER: UNKNOWN SCRIPT-STEP [ ID: "130" ] ‚ö†Ô∏è‚ö†Ô∏è‚ö†Ô∏è
R√ºckg√§ngig/Wiederholen ‚ö†Ô∏è‚ö†Ô∏è‚ö†Ô∏è FM-XML-EXPORT-EXPLODER: UNKNOWN SCRIPT-STEP [ ID: "45" ] ‚ö†Ô∏è‚ö†Ô∏è‚ö†Ô∏è

# Fields
Exportiere alle Feldwerte ‚ö†Ô∏è‚ö†Ô∏è‚ö†Ô∏è FM-XML-EXPORT-EXPLODER: UNKNOWN SCRIPT-STEP [ ID: "132" ] ‚ö†Ô∏è‚ö†Ô∏è‚ö†Ô∏è
Audio/Video einf√ºgen ‚ö†Ô∏è‚ö†Ô∏è‚ö†Ô∏è FM-XML-EXPORT-EXPLODER: UNKNOWN SCRIPT-STEP [ ID: "159" ] ‚ö†Ô∏è‚ö†Ô∏è‚ö†Ô∏è
Berechneten Wert einf√ºgen [ Select ]
Systemdatum einf√ºgen [ Select ]
Systemuhrzeit einf√ºgen [ Select ]
Benutzernamen einf√ºgen [ Select ]
Datei einf√ºgen ‚ö†Ô∏è‚ö†Ô∏è‚ö†Ô∏è FM-XML-EXPORT-EXPLODER: UNKNOWN SCRIPT-STEP [ ID: "131" ] ‚ö†Ô∏è‚ö†Ô∏è‚ö†Ô∏è
PDF einf√ºgen ‚ö†Ô∏è‚ö†Ô∏è‚ö†Ô∏è FM-XML-EXPORT-EXPLODER: UNKNOWN SCRIPT-STEP [ ID: "158" ] ‚ö†Ô∏è‚ö†Ô∏è‚ö†Ô∏è
Bild einf√ºgen ‚ö†Ô∏è‚ö†Ô∏è‚ö†Ô∏è FM-XML-EXPORT-EXPLODER: UNKNOWN SCRIPT-STEP [ ID: "56" ] ‚ö†Ô∏è‚ö†Ô∏è‚ö†Ô∏è
Text einf√ºgen [ Select ]
Von Ger√§t einf√ºgen ‚ö†Ô∏è‚ö†Ô∏è‚ö†Ô∏è FM-XML-EXPORT-EXPLODER: UNKNOWN SCRIPT-STEP [ ID: "161" ] ‚ö†Ô∏è‚ö†Ô∏è‚ö†Ô∏è
Aus Index einf√ºgen ‚ö†Ô∏è‚ö†Ô∏è‚ö†Ô∏è FM-XML-EXPORT-EXPLODER: UNKNOWN SCRIPT-STEP [ ID: "11" ] ‚ö†Ô∏è‚ö†Ô∏è‚ö†Ô∏è
Aus zuletzt ge√∂ffnetem Satz einf√ºgen ‚ö†Ô∏è‚ö†Ô∏è‚ö†Ô∏è FM-XML-EXPORT-EXPLODER: UNKNOWN SCRIPT-STEP [ ID: "12" ] ‚ö†Ô∏è‚ö†Ô∏è‚ö†Ô∏è
Referenzwerte holen ‚ö†Ô∏è‚ö†Ô∏è‚ö†Ô∏è FM-XML-EXPORT-EXPLODER: UNKNOWN SCRIPT-STEP [ ID: "40" ] ‚ö†Ô∏è‚ö†Ô∏è‚ö†Ô∏è
Ersetze alle Feldwerte [ Mit Dialog: ON ; Aktueller Inhalt ]
Feldwert setzen [ üö®üö®üö® BROKEN REFERENCE üö®üö®üö® ; "foo" ]
Feld nach Namen einstellen ‚ö†Ô∏è‚ö†Ô∏è‚ö†Ô∏è FM-XML-EXPORT-EXPLODER: UNKNOWN SCRIPT-STEP [ ID: "147" ] ‚ö†Ô∏è‚ö†Ô∏è‚ö†Ô∏è
N√§chste fortlaufende Nummer setzen ‚ö†Ô∏è‚ö†Ô∏è‚ö†Ô∏è FM-XML-EXPORT-EXPLODER: UNKNOWN SCRIPT-STEP [ ID: "116" ] ‚ö†Ô∏è‚ö†Ô∏è‚ö†Ô∏è

Objekt einf√ºgen (Windows OLE) ‚ö†Ô∏è‚ö†Ô∏è‚ö†Ô∏è FM-XML-EXPORT-EXPLODER: UNKNOWN SCRIPT-STEP [ ID: "78" ] ‚ö†Ô∏è‚ö†Ô∏è‚ö†Ô∏è
QuickTime einf√ºgen ‚ö†Ô∏è‚ö†Ô∏è‚ö†Ô∏è FM-XML-EXPORT-EXPLODER: UNKNOWN SCRIPT-STEP [ ID: "59" ] ‚ö†Ô∏è‚ö†Ô∏è‚ö†Ô∏è

# Records
Schreibe √Ñnderung Datens./Abfrage [ Mit Dialog: ON ]
Alle Datens./Abfragen kopieren ‚ö†Ô∏è‚ö†Ô∏è‚ö†Ô∏è FM-XML-EXPORT-EXPLODER: UNKNOWN SCRIPT-STEP [ ID: "98" ] ‚ö†Ô∏è‚ö†Ô∏è‚ö†Ô∏è
Datensatz/Abfrage kopieren
Alle Datens√§tze l√∂schen [ Mit Dialog: ON ]
Ausschnittreihe l√∂schen ‚ö†Ô∏è‚ö†Ô∏è‚ö†Ô∏è FM-XML-EXPORT-EXPLODER: UNKNOWN SCRIPT-STEP [ ID: "104" ] ‚ö†Ô∏è‚ö†Ô∏è‚ö†Ô∏è
Datensatz/Abfrage l√∂schen [ Mit Dialog: ON ]
Datensatz/Abfrage duplizieren
Datens√§tze exportieren ‚ö†Ô∏è‚ö†Ô∏è‚ö†Ô∏è FM-XML-EXPORT-EXPLODER: UNKNOWN SCRIPT-STEP [ ID: "36" ] ‚ö†Ô∏è‚ö†Ô∏è‚ö†Ô∏è
Datens√§tze importieren ‚ö†Ô∏è‚ö†Ô∏è‚ö†Ô∏è FM-XML-EXPORT-EXPLODER: UNKNOWN SCRIPT-STEP [ ID: "35" ] ‚ö†Ô∏è‚ö†Ô∏è‚ö†Ô∏è
Neuer Datensatz/Abfrage
Datensatz/Abfrage √∂ffnen ‚ö†Ô∏è‚ö†Ô∏è‚ö†Ô∏è FM-XML-EXPORT-EXPLODER: UNKNOWN SCRIPT-STEP [ ID: "133" ] ‚ö†Ô∏è‚ö†Ô∏è‚ö†Ô∏è
Verwerfe √Ñnderung Datens./Abfrage ‚ö†Ô∏è‚ö†Ô∏è‚ö†Ô∏è FM-XML-EXPORT-EXPLODER: UNKNOWN SCRIPT-STEP [ ID: "51" ] ‚ö†Ô∏è‚ö†Ô∏è‚ö†Ô∏è
Datens√§tze als Excel speichern ‚ö†Ô∏è‚ö†Ô∏è‚ö†Ô∏è FM-XML-EXPORT-EXPLODER: UNKNOWN SCRIPT-STEP [ ID: "143" ] ‚ö†Ô∏è‚ö†Ô∏è‚ö†Ô∏è
Datens√§tze als PDF speichern ‚ö†Ô∏è‚ö†Ô∏è‚ö†Ô∏è FM-XML-EXPORT-EXPLODER: UNKNOWN SCRIPT-STEP [ ID: "144" ] ‚ö†Ô∏è‚ö†Ô∏è‚ö†Ô∏è
Datens√§tze als Snapshot-Link speichern ‚ö†Ô∏è‚ö†Ô∏è‚ö†Ô∏è FM-XML-EXPORT-EXPLODER: UNKNOWN SCRIPT-STEP [ ID: "152" ] ‚ö†Ô∏è‚ö†Ô∏è‚ö†Ô∏è
Tabelle leeren ‚ö†Ô∏è‚ö†Ô∏è‚ö†Ô∏è FM-XML-EXPORT-EXPLODER: UNKNOWN SCRIPT-STEP [ ID: "182" ] ‚ö†Ô∏è‚ö†Ô∏è‚ö†Ô∏è

# Found Sets
Ergebnismenge einschr√§nken
Ergebnismenge erweitern
√úbereinst. Datens√§tze suchen ‚ö†Ô∏è‚ö†Ô∏è‚ö†Ô∏è FM-XML-EXPORT-EXPLODER: UNKNOWN SCRIPT-STEP [ ID: "155" ] ‚ö†Ô∏è‚ö†Ô∏è‚ö†Ô∏è
Letzte Suche √§ndern
Mehrere ausschlie√üen [ Mit Dialog: ON ]
Aktuellen Datens. ausschlie√üen
Ergebnismenge suchen
Schnellsuche durchf√ºhren ‚ö†Ô∏è‚ö†Ô∏è‚ö†Ô∏è FM-XML-EXPORT-EXPLODER: UNKNOWN SCRIPT-STEP [ ID: "150" ] ‚ö†Ô∏è‚ö†Ô∏è‚ö†Ô∏è
Alle Datens√§tze anzeigen
Nur Ausgeschlossene anzeigen
Sortieren ‚ö†Ô∏è‚ö†Ô∏è‚ö†Ô∏è FM-XML-EXPORT-EXPLODER: UNKNOWN SCRIPT-STEP [ ID: "39" ] ‚ö†Ô∏è‚ö†Ô∏è‚ö†Ô∏è
Datens√§tze nach Feld sortieren ‚ö†Ô∏è‚ö†Ô∏è‚ö†Ô∏è FM-XML-EXPORT-EXPLODER: UNKNOWN SCRIPT-STEP [ ID: "154" ] ‚ö†Ô∏è‚ö†Ô∏è‚ö†Ô∏è
Sortierung aufheben

# Windows
Fenster anpassen ‚ö†Ô∏è‚ö†Ô∏è‚ö†Ô∏è FM-XML-EXPORT-EXPLODER: UNKNOWN SCRIPT-STEP [ ID: "31" ] ‚ö†Ô∏è‚ö†Ô∏è‚ö†Ô∏è
Alle Fenster anordnen ‚ö†Ô∏è‚ö†Ô∏è‚ö†Ô∏è FM-XML-EXPORT-EXPLODER: UNKNOWN SCRIPT-STEP [ ID: "120" ] ‚ö†Ô∏è‚ö†Ô∏è‚ö†Ô∏è
Fenster schlie√üen
Fenster fixieren
Fensterposition/-gr√∂√üe √§ndern ‚ö†Ô∏è‚ö†Ô∏è‚ö†Ô∏è FM-XML-EXPORT-EXPLODER: UNKNOWN SCRIPT-STEP [ ID: "119" ] ‚ö†Ô∏è‚ö†Ô∏è‚ö†Ô∏è
Neues Fenster [ Style: Dokument ; Layout: <Originallayout> ]
Fenster aktualisieren ‚ö†Ô∏è‚ö†Ô∏è‚ö†Ô∏è FM-XML-EXPORT-EXPLODER: UNKNOWN SCRIPT-STEP [ ID: "80" ] ‚ö†Ô∏è‚ö†Ô∏è‚ö†Ô∏è
Fenster rollen ‚ö†Ô∏è‚ö†Ô∏è‚ö†Ô∏è FM-XML-EXPORT-EXPLODER: UNKNOWN SCRIPT-STEP [ ID: "81" ] ‚ö†Ô∏è‚ö†Ô∏è‚ö†Ô∏è
Fenster aktivieren ‚ö†Ô∏è‚ö†Ô∏è‚ö†Ô∏è FM-XML-EXPORT-EXPLODER: UNKNOWN SCRIPT-STEP [ ID: "123" ] ‚ö†Ô∏è‚ö†Ô∏è‚ö†Ô∏è
Fenstertitel setzen ‚ö†Ô∏è‚ö†Ô∏è‚ö†Ô∏è FM-XML-EXPORT-EXPLODER: UNKNOWN SCRIPT-STEP [ ID: "124" ] ‚ö†Ô∏è‚ö†Ô∏è‚ö†Ô∏è
Zoomstufe setzen ‚ö†Ô∏è‚ö†Ô∏è‚ö†Ô∏è FM-XML-EXPORT-EXPLODER: UNKNOWN SCRIPT-STEP [ ID: "97" ] ‚ö†Ô∏è‚ö†Ô∏è‚ö†Ô∏è
Men√ºleiste ein-/ausblenden ‚ö†Ô∏è‚ö†Ô∏è‚ö†Ô∏è FM-XML-EXPORT-EXPLODER: UNKNOWN SCRIPT-STEP [ ID: "166" ] ‚ö†Ô∏è‚ö†Ô∏è‚ö†Ô∏è
Textlineal ein-/ausblenden ‚ö†Ô∏è‚ö†Ô∏è‚ö†Ô∏è FM-XML-EXPORT-EXPLODER: UNKNOWN SCRIPT-STEP [ ID: "92" ] ‚ö†Ô∏è‚ö†Ô∏è‚ö†Ô∏è
Werkzeugleisten ein-/ausblenden ‚ö†Ô∏è‚ö†Ô∏è‚ö†Ô∏è FM-XML-EXPORT-EXPLODER: UNKNOWN SCRIPT-STEP [ ID: "29" ] ‚ö†Ô∏è‚ö†Ô∏è‚ö†Ô∏è
Datens√§tze zeigen als ‚ö†Ô∏è‚ö†Ô∏è‚ö†Ô∏è FM-XML-EXPORT-EXPLODER: UNKNOWN SCRIPT-STEP [ ID: "30" ] ‚ö†Ô∏è‚ö†Ô∏è‚ö†Ô∏è

Zul√§ssige Ausrichtungen festlegen ‚ö†Ô∏è‚ö†Ô∏è‚ö†Ô∏è FM-XML-EXPORT-EXPLODER: UNKNOWN SCRIPT-STEP [ ID: "176" ] ‚ö†Ô∏è‚ö†Ô∏è‚ö†Ô∏è

# Files
Datei schlie√üen ‚ö†Ô∏è‚ö†Ô∏è‚ö†Ô∏è FM-XML-EXPORT-EXPLODER: UNKNOWN SCRIPT-STEP [ ID: "34" ] ‚ö†Ô∏è‚ö†Ô∏è‚ö†Ô∏è
Datei konvertieren ‚ö†Ô∏è‚ö†Ô∏è‚ö†Ô∏è FM-XML-EXPORT-EXPLODER: UNKNOWN SCRIPT-STEP [ ID: "139" ] ‚ö†Ô∏è‚ö†Ô∏è‚ö†Ô∏è
Neue Datei
Datei √∂ffnen ‚ö†Ô∏è‚ö†Ô∏è‚ö†Ô∏è FM-XML-EXPORT-EXPLODER: UNKNOWN SCRIPT-STEP [ ID: "33" ] ‚ö†Ô∏è‚ö†Ô∏è‚ö†Ô∏è
Drucken ‚ö†Ô∏è‚ö†Ô∏è‚ö†Ô∏è FM-XML-EXPORT-EXPLODER: UNKNOWN SCRIPT-STEP [ ID: "43" ] ‚ö†Ô∏è‚ö†Ô∏è‚ö†Ô∏è
Drucker einrichten ‚ö†Ô∏è‚ö†Ô∏è‚ö†Ô∏è FM-XML-EXPORT-EXPLODER: UNKNOWN SCRIPT-STEP [ ID: "42" ] ‚ö†Ô∏è‚ö†Ô∏è‚ö†Ô∏è
Datei wiederherstellen ‚ö†Ô∏è‚ö†Ô∏è‚ö†Ô∏è FM-XML-EXPORT-EXPLODER: UNKNOWN SCRIPT-STEP [ ID: "95" ] ‚ö†Ô∏è‚ö†Ô∏è‚ö†Ô∏è
Kopie speichern unter ‚ö†Ô∏è‚ö†Ô∏è‚ö†Ô∏è FM-XML-EXPORT-EXPLODER: UNKNOWN SCRIPT-STEP [ ID: "37" ] ‚ö†Ô∏è‚ö†Ô∏è‚ö†Ô∏è
Netzwerkzugriff einstellen ‚ö†Ô∏è‚ö†Ô∏è‚ö†Ô∏è FM-XML-EXPORT-EXPLODER: UNKNOWN SCRIPT-STEP [ ID: "84" ] ‚ö†Ô∏è‚ö†Ô∏è‚ö†Ô∏è
SystemformateVerwenden setzen [ ON ]

# Accounts
Konto hinzuf√ºgen ‚ö†Ô∏è‚ö†Ô∏è‚ö†Ô∏è FM-XML-EXPORT-EXPLODER: UNKNOWN SCRIPT-STEP [ ID: "134" ] ‚ö†Ô∏è‚ö†Ô∏è‚ö†Ô∏è
Passwort √§ndern ‚ö†Ô∏è‚ö†Ô∏è‚ö†Ô∏è FM-XML-EXPORT-EXPLODER: UNKNOWN SCRIPT-STEP [ ID: "83" ] ‚ö†Ô∏è‚ö†Ô∏è‚ö†Ô∏è
Konto l√∂schen ‚ö†Ô∏è‚ö†Ô∏è‚ö†Ô∏è FM-XML-EXPORT-EXPLODER: UNKNOWN SCRIPT-STEP [ ID: "135" ] ‚ö†Ô∏è‚ö†Ô∏è‚ö†Ô∏è
Konto aktivieren ‚ö†Ô∏è‚ö†Ô∏è‚ö†Ô∏è FM-XML-EXPORT-EXPLODER: UNKNOWN SCRIPT-STEP [ ID: "137" ] ‚ö†Ô∏è‚ö†Ô∏è‚ö†Ô∏è
Erneut anmelden ‚ö†Ô∏è‚ö†Ô∏è‚ö†Ô∏è FM-XML-EXPORT-EXPLODER: UNKNOWN SCRIPT-STEP [ ID: "138" ] ‚ö†Ô∏è‚ö†Ô∏è‚ö†Ô∏è
Kontopasswort zur√ºcksetzen ‚ö†Ô∏è‚ö†Ô∏è‚ö†Ô∏è FM-XML-EXPORT-EXPLODER: UNKNOWN SCRIPT-STEP [ ID: "136" ] ‚ö†Ô∏è‚ö†Ô∏è‚ö†Ô∏è

# Spelling
Ganze Ergebnismenge pr√ºfen
Aktuellen Datensatz pr√ºfen
Nur Auswahl pr√ºfen ‚ö†Ô∏è‚ö†Ô∏è‚ö†Ô∏è FM-XML-EXPORT-EXPLODER: UNKNOWN SCRIPT-STEP [ ID: "18" ] ‚ö†Ô∏è‚ö†Ô∏è‚ö†Ô∏è
Wort korrigieren
Anwenderw√∂rterbuch bearbeiten
W√∂rterb√ºcher w√§hlen
Dateioptionen - Rechtschreibung

# Open Menu Item
Gespeicherte Suchen bearbeiten
Dateioptionen
Suchen/Ersetzen
Hilfe
Hosts √∂ffnen
Container verwalten
Datenquellen verwalten
Datenbank verwalten
Layouts verwalten
Designs verwalten
Wertelisten verwalten
Favoriten √∂ffnen
Einstellungen
Scriptarbeitsbereich √∂ffnen
Sharing - FileMaker Netzwerk
Auf Host hochladen

# Miscellaneous
# Comment
Formatierungsleiste zulassen [ OFF ]
AVPlayer - Wiedergabe ‚ö†Ô∏è‚ö†Ô∏è‚ö†Ô∏è FM-XML-EXPORT-EXPLODER: UNKNOWN SCRIPT-STEP [ ID: "177" ] ‚ö†Ô∏è‚ö†Ô∏è‚ö†Ô∏è
AVPlayer - Optionen festlegen ‚ö†Ô∏è‚ö†Ô∏è‚ö†Ô∏è FM-XML-EXPORT-EXPLODER: UNKNOWN SCRIPT-STEP [ ID: "179" ] ‚ö†Ô∏è‚ö†Ô∏è‚ö†Ô∏è
AVPlayer-Wiedergabestatus festlegen ‚ö†Ô∏è‚ö†Ô∏è‚ö†Ô∏è FM-XML-EXPORT-EXPLODER: UNKNOWN SCRIPT-STEP [ ID: "178" ] ‚ö†Ô∏è‚ö†Ô∏è‚ö†Ô∏è
Fehlerton
Telefonnummer w√§hlen ‚ö†Ô∏è‚ö†Ô∏è‚ö†Ô∏è FM-XML-EXPORT-EXPLODER: UNKNOWN SCRIPT-STEP [ ID: "65" ] ‚ö†Ô∏è‚ö†Ô∏è‚ö†Ô∏è
Touch-Tastatur aktivieren ‚ö†Ô∏è‚ö†Ô∏è‚ö†Ô∏è FM-XML-EXPORT-EXPLODER: UNKNOWN SCRIPT-STEP [ ID: "174" ] ‚ö†Ô∏è‚ö†Ô∏è‚ö†Ô∏è
SQL ausf√ºhren ‚ö†Ô∏è‚ö†Ô∏è‚ö†Ô∏è FM-XML-EXPORT-EXPLODER: UNKNOWN SCRIPT-STEP [ ID: "117" ] ‚ö†Ô∏è‚ö†Ô∏è‚ö†Ô∏è
Programm beenden
Cache auf Platte ablegen
Ordnerpfad holen ‚ö†Ô∏è‚ö†Ô∏è‚ö†Ô∏è FM-XML-EXPORT-EXPLODER: UNKNOWN SCRIPT-STEP [ ID: "181" ] ‚ö†Ô∏è‚ö†Ô∏è‚ö†Ô∏è
Men√ºset installieren ‚ö†Ô∏è‚ö†Ô∏è‚ö†Ô∏è FM-XML-EXPORT-EXPLODER: UNKNOWN SCRIPT-STEP [ ID: "142" ] ‚ö†Ô∏è‚ö†Ô∏è‚ö†Ô∏è
Plugin-Datei installieren ‚ö†Ô∏è‚ö†Ô∏è‚ö†Ô∏è FM-XML-EXPORT-EXPLODER: UNKNOWN SCRIPT-STEP [ ID: "157" ] ‚ö†Ô∏è‚ö†Ô∏è‚ö†Ô∏è
URL √∂ffnen ‚ö†Ô∏è‚ö†Ô∏è‚ö†Ô∏è FM-XML-EXPORT-EXPLODER: UNKNOWN SCRIPT-STEP [ ID: "111" ] ‚ö†Ô∏è‚ö†Ô∏è‚ö†Ô∏è
AppleScript ausf√ºhren ‚ö†Ô∏è‚ö†Ô∏è‚ö†Ô∏è FM-XML-EXPORT-EXPLODER: UNKNOWN SCRIPT-STEP [ ID: "67" ] ‚ö†Ô∏è‚ö†Ô∏è‚ö†Ô∏è
Objekt aktualisieren []
Ausschnitt aktualisieren ‚ö†Ô∏è‚ö†Ô∏è‚ö†Ô∏è FM-XML-EXPORT-EXPLODER: UNKNOWN SCRIPT-STEP [ ID: "180" ] ‚ö†Ô∏è‚ö†Ô∏è‚ö†Ô∏è
DDE Execute senden ‚ö†Ô∏è‚ö†Ô∏è‚ö†Ô∏è FM-XML-EXPORT-EXPLODER: UNKNOWN SCRIPT-STEP [ ID: "64" ] ‚ö†Ô∏è‚ö†Ô∏è‚ö†Ô∏è
Event senden ‚ö†Ô∏è‚ö†Ô∏è‚ö†Ô∏è FM-XML-EXPORT-EXPLODER: UNKNOWN SCRIPT-STEP [ ID: "57" ] ‚ö†Ô∏è‚ö†Ô∏è‚ö†Ô∏è
E-Mail senden ‚ö†Ô∏è‚ö†Ô∏è‚ö†Ô∏è FM-XML-EXPORT-EXPLODER: UNKNOWN SCRIPT-STEP [ ID: "63" ] ‚ö†Ô∏è‚ö†Ô∏è‚ö†Ô∏è
Web Viewer festlegen ‚ö†Ô∏è‚ö†Ô∏è‚ö†Ô∏è FM-XML-EXPORT-EXPLODER: UNKNOWN SCRIPT-STEP [ ID: "146" ] ‚ö†Ô∏è‚ö†Ô∏è‚ö†Ô∏è
Eigenes Dialogfeld anzeigen ‚ö†Ô∏è‚ö†Ô∏è‚ö†Ô∏è FM-XML-EXPORT-EXPLODER: UNKNOWN SCRIPT-STEP [ ID: "87" ] ‚ö†Ô∏è‚ö†Ô∏è‚ö†Ô∏è
Sprechen ‚ö†Ô∏è‚ö†Ô∏è‚ö†Ô∏è FM-XML-EXPORT-EXPLODER: UNKNOWN SCRIPT-STEP [ ID: "66" ] ‚ö†Ô∏è‚ö†Ô∏è‚ö†Ô∏è

JavaScript in Web Viewer ausf√ºhren ‚ö†Ô∏è‚ö†Ô∏è‚ö†Ô∏è FM-XML-EXPORT-EXPLODER: UNKNOWN SCRIPT-STEP [ ID: "175" ] ‚ö†Ô∏è‚ö†Ô∏è‚ö†Ô∏è
Zul√§ssige Ausrichtungen festlegen ‚ö†Ô∏è‚ö†Ô∏è‚ö†Ô∏è FM-XML-EXPORT-EXPLODER: UNKNOWN SCRIPT-STEP [ ID: "176" ] ‚ö†Ô∏è‚ö†Ô∏è‚ö†Ô∏è

# #External Plugin Steps
# @var $command,$P1,$P2,$P3,$P4
MBS ‚ö†Ô∏è‚ö†Ô∏è‚ö†Ô∏è FM-XML-EXPORT-EXPLODER: UNKNOWN SCRIPT-STEP [ ID: "186" ] ‚ö†Ô∏è‚ö†Ô∏è‚ö†Ô∏è

# HIDDEN (Step 184)
Open Starter Solution ‚ö†Ô∏è‚ö†Ô∏è‚ö†Ô∏è FM-XML-EXPORT-EXPLODER: UNKNOWN SCRIPT-STEP [ ID: "184" ] ‚ö†Ô∏è‚ö†Ô∏è‚ö†Ô∏è
